Microchip MPLAB XC8 Compiler V2.31

Linker command line:

-W-3 --edf=C:\Program Files\Microchip\xc8\v2.31\pic\dat\en_msgs.txt -cn \
  -h+dist/default/debug\software.debug.sym \
  --cmf=dist/default/debug\software.debug.cmf -z -Q16F687 \
  -oC:\Users\WOW\AppData\Local\Temp\s9dc.2 --defsym=__MPLAB_BUILD=1 \
  -Mdist/default/debug/software.debug.map -E1 -ver=XC8 Compiler \
  --acfsm=1493 -ASTACK=033h-06Fh -pstack=STACK -ACODE=00h-07FFh \
  -ASTRCODE=00h-07FFh -ASTRING=00h-0FFhx8 -ACONST=00h-0FFhx8 \
  -AENTRY=00h-0FFhx8 -ACOMMON=070h-07Fh -ABANK0=020h-06Fh -ABANK1=0A0h-0BFh \
  -ARAM=020h-06Fh,0A0h-0BFh -AABS1=020h-07Fh,0A0h-0BFh -ASFR0=00h-01Fh \
  -ASFR1=080h-09Fh -ASFR2=0100h-016Fh -ASFR3=0180h-01EFh \
  -ACONFIG=02007h-02007h -DCONFIG=2 -AIDLOC=02000h-02003h -DIDLOC=2 \
  -AEEDATA=00h-0FFh/02100h -peeprom_data=EEDATA -DEEDATA=2 -DCODE=2 \
  -DSTRCODE=2 -DSTRING=2 -DCONST=2 -DENTRY=2 \
  -preset_vec=00h,intentry=04h,init,end_init -ppowerup=CODE -pcinit=CODE \
  -pfunctab=ENTRY -k C:\Users\WOW\AppData\Local\Temp\s9dc.o \
  dist/default/debug\software.debug.o 

Object code version is 3.11

Machine type is 16F687



                Name                               Link     Load   Length Selector   Space Scale
C:\Users\WOW\AppData\Local\Temp\s9dc.o
                end_init                              A        A        1        8       0
                reset_vec                             0        0        1        0       0
                config                             2007     2007        1        0       4
dist/default/debug\software.debug.o
                cinit                                 B        B        B        8       0
                intentry                              4        4        6        8       0
                config                             2007     2007        1        0       4
                text7                                7F       7F       3E        8       0
                text6                               134      134       24        8       0
                text5                                16       16       69        8       0
                text4                               10F      10F       25        8       0
                text3                                BD       BD       2C        8       0
                text2                                E9       E9       26        8       0
                text1                               158      158       1C        8       0
                maintext                            174      174       17        8       0
                cstackBANK0                          20       20        D       20       1
                cstackCOMMON                         70       70        B       70       1
                bssBANK0                             2D       2D        6       20       1
                bitbssCOMMON                        3D8       7B        1       70       1     8

TOTAL           Name                               Link     Load   Length     Space
        CLASS   STACK          

        CLASS   CODE           
                end_init                              A        A        1         0
                cinit                                 B        B        B         0
                intentry                              4        4        6         0
                reset_vec                             0        0        1         0
                text7                                7F       7F       3E         0
                text6                               134      134       24         0
                text5                                16       16       69         0
                text4                               10F      10F       25         0
                text3                                BD       BD       2C         0
                text2                                E9       E9       26         0
                text1                               158      158       1C         0
                maintext                            174      174       17         0

        CLASS   STRCODE        

        CLASS   STRING         

        CLASS   CONST          

        CLASS   ENTRY          

        CLASS   COMMON         
                cstackCOMMON                         70       70        B         1
                bitbssCOMMON                        3D8       7B        1         1

        CLASS   BANK0          
                cstackBANK0                          20       20        D         1
                bssBANK0                             2D       2D        6         1

        CLASS   BANK1          

        CLASS   RAM            

        CLASS   ABS1           
                abs_s1                               7E       7E        2         1

        CLASS   SFR0           

        CLASS   SFR1           

        CLASS   SFR2           

        CLASS   SFR3           

        CLASS   CONFIG         
                config                             2007     2007        1         4

        CLASS   IDLOC          

        CLASS   EEDATA         

        CLASS   BANK3          

        CLASS   BANK2          



SEGMENTS        Name                           Load    Length   Top    Selector   Space  Class     Delta

                reset_vec                      000000  000001  000001         0       0  CODE        2
                intentry                       000004  000187  00018B         8       0  CODE        2
                cstackBANK0                    000020  000013  000033        20       1  BANK0       1
                cstackCOMMON                   000070  00000C  00007C        70       1  COMMON      1


UNUSED ADDRESS RANGES

        Name                Unused          Largest block    Delta
        BANK0            0033-006F             3D           1
        BANK1            00A0-00BF             20           1
        CODE             0001-0003              3           2
                         018B-07FF            675
        COMMON           007C-007D              2           1
        CONST            0001-0003              3           2
                         018B-07FF            100
        EEDATA           2100-21FF            100           2
        ENTRY            0001-0003              3           2
                         018B-07FF            100
        IDLOC            2000-2003              4           2
        RAM              0033-006F             3D           1
                         00A0-00BF             20
        SFR0             0000-001F             20           1
        SFR1             0080-009F             20           1
        SFR2             0100-016F             70           1
        SFR3             0180-01EF             70           1
        STACK            0033-006F             3D           1
        STRCODE          0001-0003              3           2
                         018B-07FF            675
        STRING           0001-0003              3           2
                         018B-07FF            100

                                  Symbol Table

?___awdiv                 cstackBANK0  0020
?___wmul                  cstackCOMMON 0072
_ANSEL                    (abs)        011E
_ANSELH                   (abs)        011F
_GIE                      (abs)        005F
_HTS                      (abs)        047A
_INTE                     (abs)        005C
_IRCF0                    (abs)        047C
_IRCF1                    (abs)        047D
_IRCF2                    (abs)        047E
_LTS                      (abs)        0479
_OPTION_REG               (abs)        0081
_OSTS                     (abs)        047B
_PEIE                     (abs)        005E
_PS0                      (abs)        0408
_PS1                      (abs)        0409
_PS2                      (abs)        040A
_PWM_ENABLED              bitbssCOMMON 03D8
_PWM_OFF                  bssBANK0     002D
_PWM_ON                   bssBANK0     002F
_PWM_TICKS                bssBANK0     0031
_RABIE                    (abs)        005B
_RB4                      (abs)        0034
_SCS                      (abs)        0478
_T0CS                     (abs)        040D
_T0IE                     (abs)        005D
_T0IF                     (abs)        005A
_TRISB4                   (abs)        0434
__Habs1                   abs1         0000
__Hbank0                  bank0        0000
__Hbank1                  bank1        0000
__Hbank2                  bank2        0000
__Hbank3                  bank3        0000
__HbitbssCOMMON           bitbssCOMMON 0000
__HbssBANK0               bssBANK0     0000
__Hcinit                  cinit        0016
__Hclrtext                clrtext      0000
__Hcode                   code         0000
__Hcommon                 common       0000
__Hconfig                 config       2008
__HcstackBANK0            cstackBANK0  0000
__HcstackCOMMON           cstackCOMMON 0000
__Heeprom_data            eeprom_data  0000
__Hend_init               end_init     000B
__Hfunctab                functab      0000
__Hinit                   init         000A
__Hintentry               intentry     000A
__Hmaintext               maintext     0000
__Hpowerup                powerup      0000
__Hram                    ram          0000
__Hreset_vec              reset_vec    0001
__Hsfr0                   sfr0         0000
__Hsfr1                   sfr1         0000
__Hsfr2                   sfr2         0000
__Hsfr3                   sfr3         0000
__Hspace_0                (abs)        018B
__Hspace_1                (abs)        03D9
__Hspace_2                (abs)        0000
__Hspace_3                (abs)        0000
__Hspace_4                (abs)        400F
__Hstack                  stack        0000
__Hstrings                strings      0000
__Htext                   text         0000
__Labs1                   abs1         0000
__Lbank0                  bank0        0000
__Lbank1                  bank1        0000
__Lbank2                  bank2        0000
__Lbank3                  bank3        0000
__LbitbssCOMMON           bitbssCOMMON 0000
__LbssBANK0               bssBANK0     0000
__Lcinit                  cinit        000B
__Lclrtext                clrtext      0000
__Lcode                   code         0000
__Lcommon                 common       0000
__Lconfig                 config       0000
__LcstackBANK0            cstackBANK0  0000
__LcstackCOMMON           cstackCOMMON 0000
__Leeprom_data            eeprom_data  0000
__Lend_init               end_init     000A
__Lfunctab                functab      0000
__Linit                   init         000A
__Lintentry               intentry     0004
__Lmaintext               maintext     0000
__Lpowerup                powerup      0000
__Lram                    ram          0000
__Lreset_vec              reset_vec    0000
__Lsfr0                   sfr0         0000
__Lsfr1                   sfr1         0000
__Lsfr2                   sfr2         0000
__Lsfr3                   sfr3         0000
__Lspace_0                (abs)        0000
__Lspace_1                (abs)        0000
__Lspace_2                (abs)        0000
__Lspace_3                (abs)        0000
__Lspace_4                (abs)        0000
__Lstack                  stack        0000
__Lstrings                strings      0000
__Ltext                   text         0000
__S0                      (abs)        018B
__S1                      (abs)        007C
__S2                      (abs)        0000
__S3                      (abs)        0000
___awdiv                  text5        0016
___awdiv@counter          cstackBANK0  0024
___awdiv@dividend         cstackBANK0  0022
___awdiv@divisor          cstackBANK0  0020
___awdiv@quotient         cstackBANK0  0026
___awdiv@sign             cstackBANK0  0025
___int_sp                 stack        0000
___latbits                (abs)        0000
___sp                     stack        0000
___stackhi                (abs)        0000
___stacklo                (abs)        0000
___wmul                   text4        010F
___wmul@multiplicand      cstackCOMMON 0074
___wmul@multiplier        cstackCOMMON 0072
___wmul@product           cstackCOMMON 0076
__end_of___awdiv          text5        007F
__end_of___wmul           text4        0134
__end_of__initialization  cinit        0014
__end_of_charge           text6        0158
__end_of_main             maintext     018B
__end_of_pwm_routine      text7        00BD
__end_of_set_pwm_cycle    text3        00E9
__end_of_set_pwm_enabled  text2        010F
__end_of_setup            text1        0174
__initialization          cinit        000B
__pbitbssCOMMON           bitbssCOMMON 03D8
__pbssBANK0               bssBANK0     002D
__pcstackBANK0            cstackBANK0  0020
__pcstackCOMMON           cstackCOMMON 0070
__pintentry               intentry     0004
__pmaintext               maintext     0174
__ptext1                  text1        0158
__ptext2                  text2        00E9
__ptext3                  text3        00BD
__ptext4                  text4        010F
__ptext5                  text5        0016
__ptext6                  text6        0134
__ptext7                  text7        007F
__size_of___awdiv         (abs)        0000
__size_of___wmul          (abs)        0000
__size_of_charge          (abs)        0000
__size_of_main            (abs)        0000
__size_of_pwm_routine     (abs)        0000
__size_of_set_pwm_cycle   (abs)        0000
__size_of_set_pwm_enabled (abs)        0000
__size_of_setup           (abs)        0000
_charge                   text6        0134
_main                     maintext     0174
_pwm_routine              text7        007F
_set_pwm_cycle            text3        00BD
_set_pwm_enabled          text2        00E9
_setup                    text1        0158
btemp                     (abs)        007E
end_of_initialization     cinit        0014
interrupt_function        intentry     0004
intlevel0                 functab      0000
intlevel1                 functab      0000
intlevel2                 functab      0000
intlevel3                 functab      0000
intlevel4                 functab      0000
intlevel5                 functab      0000
reset_vec                 reset_vec    0000
saved_w                   (abs)        007E
set_pwm_cycle@cycle       cstackBANK0  0028
set_pwm_enabled@enabled   cstackBANK0  0029
start                     init         000A
start_initialization      cinit        000B
wtemp0                    (abs)        007E


FUNCTION INFORMATION:

 *************** function _main *****************
 Defined at:
		line 163 in file "main.c"
 Parameters:    Size  Location     Type
		None
 Auto vars:     Size  Location     Type
		None
 Return value:  Size  Location     Type
                  1    wreg      void 
 Registers used:
		wreg, status,2, status,0, pclath, cstack
 Tracked objects:
		On entry : 
		On exit  : 
		Unchanged: 
 Data sizes:     COMMON   BANK0   BANK1
      Params:         0       0       0
      Locals:         0       0       0
      Temps:          0       3       0
      Totals:         0       3       0
Total ram usage:        3 bytes
 Hardware stack levels required when called:    4
 This function calls:
		_charge
		_set_pwm_enabled
		_setup
 This function is called by:
		Startup code after reset
 This function uses a non-reentrant model


 *************** function _setup *****************
 Defined at:
		line 49 in file "main.c"
 Parameters:    Size  Location     Type
		None
 Auto vars:     Size  Location     Type
		None
 Return value:  Size  Location     Type
                  1    wreg      void 
 Registers used:
		wreg, status,2
 Tracked objects:
		On entry : 
		On exit  : 
		Unchanged: 
 Data sizes:     COMMON   BANK0   BANK1
      Params:         0       0       0
      Locals:         0       0       0
      Temps:          0       0       0
      Totals:         0       0       0
Total ram usage:        0 bytes
 Hardware stack levels used:    1
 Hardware stack levels required when called:    1
 This function calls:
		Nothing
 This function is called by:
		_main
 This function uses a non-reentrant model


 *************** function _set_pwm_enabled *****************
 Defined at:
		line 100 in file "main.c"
 Parameters:    Size  Location     Type
  enabled         1    wreg     unsigned char 
 Auto vars:     Size  Location     Type
  enabled         1    9[BANK0 ] unsigned char 
 Return value:  Size  Location     Type
                  1    wreg      void 
 Registers used:
		wreg, status,2, status,0, pclath, cstack
 Tracked objects:
		On entry : 
		On exit  : 
		Unchanged: 
 Data sizes:     COMMON   BANK0   BANK1
      Params:         0       0       0
      Locals:         0       1       0
      Temps:          0       0       0
      Totals:         0       1       0
Total ram usage:        1 bytes
 Hardware stack levels used:    1
 Hardware stack levels required when called:    3
 This function calls:
		_set_pwm_cycle
 This function is called by:
		_main
 This function uses a non-reentrant model


 *************** function _set_pwm_cycle *****************
 Defined at:
		line 90 in file "main.c"
 Parameters:    Size  Location     Type
  cycle           1    wreg     unsigned char 
 Auto vars:     Size  Location     Type
  cycle           1    8[BANK0 ] unsigned char 
 Return value:  Size  Location     Type
                  1    wreg      void 
 Registers used:
		wreg, status,2, status,0, pclath, cstack
 Tracked objects:
		On entry : 
		On exit  : 
		Unchanged: 
 Data sizes:     COMMON   BANK0   BANK1
      Params:         0       0       0
      Locals:         0       1       0
      Temps:          2       0       0
      Totals:         2       1       0
Total ram usage:        3 bytes
 Hardware stack levels used:    1
 Hardware stack levels required when called:    2
 This function calls:
		___awdiv
		___wmul
 This function is called by:
		_set_pwm_enabled
 This function uses a non-reentrant model


 *************** function ___wmul *****************
 Defined at:
		line 15 in file "C:\Program Files\Microchip\xc8\v2.31\pic\sources\c90\common\Umul16.c"
 Parameters:    Size  Location     Type
  multiplier      2    2[COMMON] unsigned int 
  multiplicand    2    4[COMMON] unsigned int 
 Auto vars:     Size  Location     Type
  product         2    6[COMMON] unsigned int 
 Return value:  Size  Location     Type
                  2    2[COMMON] unsigned int 
 Registers used:
		wreg, status,2, status,0
 Tracked objects:
		On entry : 
		On exit  : 
		Unchanged: 
 Data sizes:     COMMON   BANK0   BANK1
      Params:         4       0       0
      Locals:         2       0       0
      Temps:          0       0       0
      Totals:         6       0       0
Total ram usage:        6 bytes
 Hardware stack levels used:    1
 Hardware stack levels required when called:    1
 This function calls:
		Nothing
 This function is called by:
		_set_pwm_cycle
 This function uses a non-reentrant model


 *************** function ___awdiv *****************
 Defined at:
		line 5 in file "C:\Program Files\Microchip\xc8\v2.31\pic\sources\c90\common\awdiv.c"
 Parameters:    Size  Location     Type
  divisor         2    0[BANK0 ] int 
  dividend        2    2[BANK0 ] int 
 Auto vars:     Size  Location     Type
  quotient        2    6[BANK0 ] int 
  sign            1    5[BANK0 ] unsigned char 
  counter         1    4[BANK0 ] unsigned char 
 Return value:  Size  Location     Type
                  2    0[BANK0 ] int 
 Registers used:
		wreg, status,2, status,0
 Tracked objects:
		On entry : 
		On exit  : 
		Unchanged: 
 Data sizes:     COMMON   BANK0   BANK1
      Params:         0       4       0
      Locals:         0       4       0
      Temps:          1       0       0
      Totals:         1       8       0
Total ram usage:        9 bytes
 Hardware stack levels used:    1
 Hardware stack levels required when called:    1
 This function calls:
		Nothing
 This function is called by:
		_set_pwm_cycle
 This function uses a non-reentrant model


 *************** function _charge *****************
 Defined at:
		line 153 in file "main.c"
 Parameters:    Size  Location     Type
		None
 Auto vars:     Size  Location     Type
		None
 Return value:  Size  Location     Type
                  1    wreg      void 
 Registers used:
		wreg
 Tracked objects:
		On entry : 
		On exit  : 
		Unchanged: 
 Data sizes:     COMMON   BANK0   BANK1
      Params:         0       0       0
      Locals:         0       0       0
      Temps:          3       0       0
      Totals:         3       0       0
Total ram usage:        3 bytes
 Hardware stack levels used:    1
 Hardware stack levels required when called:    1
 This function calls:
		Nothing
 This function is called by:
		_main
 This function uses a non-reentrant model


 *************** function _pwm_routine *****************
 Defined at:
		line 126 in file "main.c"
 Parameters:    Size  Location     Type
		None
 Auto vars:     Size  Location     Type
		None
 Return value:  Size  Location     Type
                  1    wreg      void 
 Registers used:
		wreg, status,2
 Tracked objects:
		On entry : 
		On exit  : 
		Unchanged: 
 Data sizes:     COMMON   BANK0   BANK1
      Params:         0       0       0
      Locals:         0       0       0
      Temps:          2       0       0
      Totals:         2       0       0
Total ram usage:        2 bytes
 Hardware stack levels used:    1
 This function calls:
		Nothing
 This function is called by:
		Interrupt level 1
 This function uses a non-reentrant model



MODULE INFORMATION

Module		Function		Class		Link	Load	Size
C:\Program Files\Microchip\xc8\v2.31\pic\sources\c90\common\Umul16.c
		___wmul        		CODE           	010F	0000	37

C:\Program Files\Microchip\xc8\v2.31\pic\sources\c90\common\Umul16.c estimated size: 37

C:\Program Files\Microchip\xc8\v2.31\pic\sources\c90\common\awdiv.c
		___awdiv       		CODE           	0016	0000	105

C:\Program Files\Microchip\xc8\v2.31\pic\sources\c90\common\awdiv.c estimated size: 105

shared
		__initialization		CODE           	000B	0000	9

shared estimated size: 9

main.c
		_pwm_routine   		CODE           	007F	0000	62
		_main          		CODE           	0174	0000	23
		_set_pwm_enabled		CODE           	00E9	0000	38
		_setup         		CODE           	0158	0000	28
		_charge        		CODE           	0134	0000	36
		_set_pwm_cycle 		CODE           	00BD	0000	44

main.c estimated size: 231

