Microchip MPLAB XC8 Compiler V2.31

Linker command line:

-W-3 --edf=C:\Program Files\Microchip\xc8\v2.31\pic\dat\en_msgs.txt -cn \
  -h+dist/default/production\software.production.sym \
  --cmf=dist/default/production\software.production.cmf -z -Q16F687 \
  -oC:\Users\WOW\AppData\Local\Temp\sc58.2 --defsym=__MPLAB_BUILD=1 \
  -Mdist/default/production/software.production.map -E1 -ver=XC8 Compiler \
  --acfsm=1493 -ASTACK=027h-06Fh -pstack=STACK -ACODE=00h-07FFh \
  -ASTRCODE=00h-07FFh -ASTRING=00h-0FFhx8 -ACONST=00h-0FFhx8 \
  -AENTRY=00h-0FFhx8 -ACOMMON=070h-07Fh -ABANK0=020h-06Fh -ABANK1=0A0h-0BFh \
  -ARAM=020h-06Fh,0A0h-0BFh -AABS1=020h-07Fh,0A0h-0BFh -ASFR0=00h-01Fh \
  -ASFR1=080h-09Fh -ASFR2=0100h-016Fh -ASFR3=0180h-01EFh \
  -ACONFIG=02007h-02007h -DCONFIG=2 -AIDLOC=02000h-02003h -DIDLOC=2 \
  -AEEDATA=00h-0FFh/02100h -peeprom_data=EEDATA -DEEDATA=2 -DCODE=2 \
  -DSTRCODE=2 -DSTRING=2 -DCONST=2 -DENTRY=2 \
  -preset_vec=00h,intentry=04h,init,end_init -ppowerup=CODE -pcinit=CODE \
  -pfunctab=ENTRY -k C:\Users\WOW\AppData\Local\Temp\sc58.o \
  dist/default/production\software.production.o 

Object code version is 3.11

Machine type is 16F687



                Name                               Link     Load   Length Selector   Space Scale
C:\Users\WOW\AppData\Local\Temp\sc58.o
                end_init                              A        A        1        8       0
                reset_vec                             0        0        1        0       0
                config                             2007     2007        1        0       4
dist/default/production\software.production.o
                cinit                                 B        B        F        8       0
                intentry                              4        4        6        8       0
                config                             2007     2007        1        0       4
                text4                                1A       1A       3E        8       0
                text3                                BA       BA        1        8       0
                text2                                86       86       20        8       0
                text1                                58       58       2E        8       0
                maintext                             A6       A6       14        8       0
                cstackBANK0                          24       24        3       20       1
                cstackCOMMON                         76       76        4       70       1
                bssBANK0                             20       20        4       20       1
                bssCOMMON                            70       70        6       70       1
                bitbssCOMMON                        3D0       7A        1       70       1     8

TOTAL           Name                               Link     Load   Length     Space
        CLASS   STACK          

        CLASS   CODE           
                end_init                              A        A        1         0
                cinit                                 B        B        F         0
                intentry                              4        4        6         0
                reset_vec                             0        0        1         0
                text4                                1A       1A       3E         0
                text3                                BA       BA        1         0
                text2                                86       86       20         0
                text1                                58       58       2E         0
                maintext                             A6       A6       14         0

        CLASS   STRCODE        

        CLASS   STRING         

        CLASS   CONST          

        CLASS   ENTRY          

        CLASS   COMMON         
                cstackCOMMON                         76       76        4         1
                bssCOMMON                            70       70        6         1
                bitbssCOMMON                        3D0       7A        1         1

        CLASS   BANK0          
                cstackBANK0                          24       24        3         1
                bssBANK0                             20       20        4         1

        CLASS   BANK1          

        CLASS   RAM            

        CLASS   ABS1           
                abs_s1                               7E       7E        2         1

        CLASS   SFR0           

        CLASS   SFR1           

        CLASS   SFR2           

        CLASS   SFR3           

        CLASS   CONFIG         
                config                             2007     2007        1         4

        CLASS   IDLOC          

        CLASS   EEDATA         

        CLASS   BANK3          

        CLASS   BANK2          



SEGMENTS        Name                           Load    Length   Top    Selector   Space  Class     Delta

                reset_vec                      000000  000001  000001         0       0  CODE        2
                intentry                       000004  0000B7  0000BB         8       0  CODE        2
                bssBANK0                       000020  000007  000027        20       1  BANK0       1
                bssCOMMON                      000070  00000B  00007B        70       1  COMMON      1


UNUSED ADDRESS RANGES

        Name                Unused          Largest block    Delta
        BANK0            0027-006F             49           1
        BANK1            00A0-00BF             20           1
        CODE             0001-0003              3           2
                         00BB-07FF            745
        COMMON           007B-007D              3           1
        CONST            0001-0003              3           2
                         00BB-07FF            100
        EEDATA           2100-21FF            100           2
        ENTRY            0001-0003              3           2
                         00BB-07FF            100
        IDLOC            2000-2003              4           2
        RAM              0027-006F             49           1
                         00A0-00BF             20
        SFR0             0000-001F             20           1
        SFR1             0080-009F             20           1
        SFR2             0100-016F             70           1
        SFR3             0180-01EF             70           1
        STACK            0027-006F             49           1
        STRCODE          0001-0003              3           2
                         00BB-07FF            745
        STRING           0001-0003              3           2
                         00BB-07FF            100

                                  Symbol Table

_ADCS0                   (abs)        04FC
_ADCS1                   (abs)        04FD
_ADCS2                   (abs)        04FE
_ADC_TEMP                bssBANK0     0022
_ADFM                    (abs)        00FF
_ADON                    (abs)        00F8
_ADRESH                  (abs)        001E
_ADRESL                  (abs)        009E
_ANSEL                   (abs)        011E
_ANSELH                  (abs)        011F
_C1ON                    (abs)        08CF
_C2ON                    (abs)        08D7
_CHS0                    (abs)        00FA
_CHS1                    (abs)        00FB
_CHS2                    (abs)        00FC
_CHS3                    (abs)        00FD
_GIE                     (abs)        005F
_GO                      (abs)        00F9
_HTS                     (abs)        047A
_INTE                    (abs)        005C
_IRCF0                   (abs)        047C
_IRCF1                   (abs)        047D
_IRCF2                   (abs)        047E
_LTS                     (abs)        0479
_OPTION_REG              (abs)        0081
_OSTS                    (abs)        047B
_PEIE                    (abs)        005E
_PS0                     (abs)        0408
_PS1                     (abs)        0409
_PS2                     (abs)        040A
_PWM_ENABLED             bitbssCOMMON 03D0
_PWM_OFF                 bssCOMMON    0070
_PWM_ON                  bssCOMMON    0072
_PWM_TICKS               bssCOMMON    0074
_RABIE                   (abs)        005B
_RB4                     (abs)        0034
_RC0                     (abs)        0038
_SCS                     (abs)        0478
_T0CS                    (abs)        040D
_T0IE                    (abs)        005D
_T0IF                    (abs)        005A
_TRISB4                  (abs)        0434
_TRISC0                  (abs)        0438
_VCFG                    (abs)        00FE
__Habs1                  abs1         0000
__Hbank0                 bank0        0000
__Hbank1                 bank1        0000
__Hbank2                 bank2        0000
__Hbank3                 bank3        0000
__HbitbssCOMMON          bitbssCOMMON 0000
__HbssBANK0              bssBANK0     0000
__HbssCOMMON             bssCOMMON    0000
__Hcinit                 cinit        001A
__Hclrtext               clrtext      0000
__Hcode                  code         0000
__Hcommon                common       0000
__Hconfig                config       2008
__HcstackBANK0           cstackBANK0  0000
__HcstackCOMMON          cstackCOMMON 0000
__Heeprom_data           eeprom_data  0000
__Hend_init              end_init     000B
__Hfunctab               functab      0000
__Hinit                  init         000A
__Hintentry              intentry     000A
__Hmaintext              maintext     0000
__Hpowerup               powerup      0000
__Hram                   ram          0000
__Hreset_vec             reset_vec    0001
__Hsfr0                  sfr0         0000
__Hsfr1                  sfr1         0000
__Hsfr2                  sfr2         0000
__Hsfr3                  sfr3         0000
__Hspace_0               (abs)        00BB
__Hspace_1               (abs)        03D1
__Hspace_2               (abs)        0000
__Hspace_3               (abs)        0000
__Hspace_4               (abs)        400F
__Hstack                 stack        0000
__Hstrings               strings      0000
__Htext                  text         0000
__Labs1                  abs1         0000
__Lbank0                 bank0        0000
__Lbank1                 bank1        0000
__Lbank2                 bank2        0000
__Lbank3                 bank3        0000
__LbitbssCOMMON          bitbssCOMMON 0000
__LbssBANK0              bssBANK0     0000
__LbssCOMMON             bssCOMMON    0000
__Lcinit                 cinit        000B
__Lclrtext               clrtext      0000
__Lcode                  code         0000
__Lcommon                common       0000
__Lconfig                config       0000
__LcstackBANK0           cstackBANK0  0000
__LcstackCOMMON          cstackCOMMON 0000
__Leeprom_data           eeprom_data  0000
__Lend_init              end_init     000A
__Lfunctab               functab      0000
__Linit                  init         000A
__Lintentry              intentry     0004
__Lmaintext              maintext     0000
__Lpowerup               powerup      0000
__Lram                   ram          0000
__Lreset_vec             reset_vec    0000
__Lsfr0                  sfr0         0000
__Lsfr1                  sfr1         0000
__Lsfr2                  sfr2         0000
__Lsfr3                  sfr3         0000
__Lspace_0               (abs)        0000
__Lspace_1               (abs)        0000
__Lspace_2               (abs)        0000
__Lspace_3               (abs)        0000
__Lspace_4               (abs)        0000
__Lstack                 stack        0000
__Lstrings               strings      0000
__Ltext                  text         0000
__S0                     (abs)        00BB
__S1                     (abs)        007B
__S2                     (abs)        0000
__S3                     (abs)        0000
___int_sp                stack        0000
___latbits               (abs)        0000
___sp                    stack        0000
___stackhi               (abs)        0000
___stacklo               (abs)        0000
__end_of__initialization cinit        0018
__end_of_charge          text3        00BB
__end_of_main            maintext     00BA
__end_of_probe_temp      text2        00A6
__end_of_pwm_routine     text4        0058
__end_of_setup           text1        0086
__initialization         cinit        000B
__pbitbssCOMMON          bitbssCOMMON 03D0
__pbssBANK0              bssBANK0     0020
__pbssCOMMON             bssCOMMON    0070
__pcstackBANK0           cstackBANK0  0024
__pcstackCOMMON          cstackCOMMON 0076
__pintentry              intentry     0004
__pmaintext              maintext     00A6
__ptext1                 text1        0058
__ptext2                 text2        0086
__ptext3                 text3        00BA
__ptext4                 text4        001A
__size_of_charge         (abs)        0000
__size_of_main           (abs)        0000
__size_of_probe_temp     (abs)        0000
__size_of_pwm_routine    (abs)        0000
__size_of_setup          (abs)        0000
_charge                  text3        00BA
_main                    maintext     00A6
_probe_temp              text2        0086
_pwm_routine             text4        001A
_setup                   text1        0058
btemp                    (abs)        007E
end_of_initialization    cinit        0018
interrupt_function       intentry     0004
intlevel0                functab      0000
intlevel1                functab      0000
intlevel2                functab      0000
intlevel3                functab      0000
intlevel4                functab      0000
intlevel5                functab      0000
reset_vec                reset_vec    0000
saved_w                  (abs)        007E
start                    init         000A
start_initialization     cinit        000B
wtemp0                   (abs)        007E


FUNCTION INFORMATION:

 *************** function _main *****************
 Defined at:
		line 406 in file "main.c"
 Parameters:    Size  Location     Type
		None
 Auto vars:     Size  Location     Type
		None
 Return value:  Size  Location     Type
                  1    wreg      void 
 Registers used:
		wreg, status,2, status,0, pclath, cstack
 Tracked objects:
		On entry : 
		On exit  : 
		Unchanged: 
 Data sizes:     COMMON   BANK0   BANK1
      Params:         0       0       0
      Locals:         0       0       0
      Temps:          0       3       0
      Totals:         0       3       0
Total ram usage:        3 bytes
 Hardware stack levels required when called:    2
 This function calls:
		_charge
		_probe_temp
		_setup
 This function is called by:
		Startup code after reset
 This function uses a non-reentrant model


 *************** function _setup *****************
 Defined at:
		line 222 in file "main.c"
 Parameters:    Size  Location     Type
		None
 Auto vars:     Size  Location     Type
		None
 Return value:  Size  Location     Type
                  1    wreg      void 
 Registers used:
		wreg, status,2
 Tracked objects:
		On entry : 
		On exit  : 
		Unchanged: 
 Data sizes:     COMMON   BANK0   BANK1
      Params:         0       0       0
      Locals:         0       0       0
      Temps:          0       0       0
      Totals:         0       0       0
Total ram usage:        0 bytes
 Hardware stack levels used:    1
 Hardware stack levels required when called:    1
 This function calls:
		Nothing
 This function is called by:
		_main
 This function uses a non-reentrant model


 *************** function _probe_temp *****************
 Defined at:
		line 347 in file "main.c"
 Parameters:    Size  Location     Type
		None
 Auto vars:     Size  Location     Type
		None
 Return value:  Size  Location     Type
		None               void
 Registers used:
		wreg
 Tracked objects:
		On entry : 
		On exit  : 
		Unchanged: 
 Data sizes:     COMMON   BANK0   BANK1
      Params:         0       0       0
      Locals:         0       0       0
      Temps:          2       0       0
      Totals:         2       0       0
Total ram usage:        2 bytes
 Hardware stack levels used:    1
 Hardware stack levels required when called:    1
 This function calls:
		Nothing
 This function is called by:
		_main
 This function uses a non-reentrant model


 *************** function _charge *****************
 Defined at:
		line 400 in file "main.c"
 Parameters:    Size  Location     Type
		None
 Auto vars:     Size  Location     Type
		None
 Return value:  Size  Location     Type
                  1    wreg      void 
 Registers used:
		None
 Tracked objects:
		On entry : 
		On exit  : 
		Unchanged: 
 Data sizes:     COMMON   BANK0   BANK1
      Params:         0       0       0
      Locals:         0       0       0
      Temps:          0       0       0
      Totals:         0       0       0
Total ram usage:        0 bytes
 Hardware stack levels used:    1
 Hardware stack levels required when called:    1
 This function calls:
		Nothing
 This function is called by:
		_main
 This function uses a non-reentrant model


 *************** function _pwm_routine *****************
 Defined at:
		line 181 in file "main.c"
 Parameters:    Size  Location     Type
		None
 Auto vars:     Size  Location     Type
		None
 Return value:  Size  Location     Type
                  1    wreg      void 
 Registers used:
		wreg, status,2
 Tracked objects:
		On entry : 
		On exit  : 
		Unchanged: 
 Data sizes:     COMMON   BANK0   BANK1
      Params:         0       0       0
      Locals:         0       0       0
      Temps:          2       0       0
      Totals:         2       0       0
Total ram usage:        2 bytes
 Hardware stack levels used:    1
 This function calls:
		Nothing
 This function is called by:
		Interrupt level 1
 This function uses a non-reentrant model



MODULE INFORMATION

Module		Function		Class		Link	Load	Size
shared
		__initialization		CODE           	000B	0000	13

shared estimated size: 13

main.c
		_pwm_routine   		CODE           	001A	0000	62
		_main          		CODE           	00A6	0000	20
		_setup         		CODE           	0058	0000	46
		_probe_temp    		CODE           	0086	0000	32
		_charge        		CODE           	00BA	0000	1

main.c estimated size: 161

