Microchip MPLAB XC8 Compiler V2.31

Linker command line:

-W-3 --edf=C:\Program Files\Microchip\xc8\v2.31\pic\dat\en_msgs.txt -cn \
  -h+dist/default/production\firmware.production.sym \
  --cmf=dist/default/production\firmware.production.cmf -z -Q16F687 \
  -oC:\Users\WOW\AppData\Local\Temp\s2n8.2 --defsym=__MPLAB_BUILD=1 \
  -Mdist/default/production/firmware.production.map -E1 -ver=XC8 Compiler \
  --acfsm=1493 -ASTACK=044h-06Fh -pstack=STACK -ACODE=00h-07FFh \
  -ASTRCODE=00h-07FFh -ASTRING=00h-0FFhx8 -ACONST=00h-0FFhx8 \
  -AENTRY=00h-0FFhx8 -ACOMMON=070h-07Fh -ABANK0=020h-06Fh -ABANK1=0A0h-0BFh \
  -ARAM=020h-06Fh,0A0h-0BFh -AABS1=020h-07Fh,0A0h-0BFh -ASFR0=00h-01Fh \
  -ASFR1=080h-09Fh -ASFR2=0100h-016Fh -ASFR3=0180h-01EFh \
  -ACONFIG=02007h-02007h -DCONFIG=2 -AIDLOC=02000h-02003h -DIDLOC=2 \
  -AEEDATA=00h-0FFh/02100h -peeprom_data=EEDATA -DEEDATA=2 -DCODE=2 \
  -DSTRCODE=2 -DSTRING=2 -DCONST=2 -DENTRY=2 \
  -preset_vec=00h,intentry=04h,init,end_init -ppowerup=CODE -pcinit=CODE \
  -pfunctab=ENTRY -k C:\Users\WOW\AppData\Local\Temp\s2n8.o \
  dist/default/production\firmware.production.o 

Object code version is 3.11

Machine type is 16F687



                Name                               Link     Load   Length Selector   Space Scale
C:\Users\WOW\AppData\Local\Temp\s2n8.o
                end_init                              A        A        1        8       0
                reset_vec                             0        0        1        0       0
                config                             2007     2007        1        0       4
dist/default/production\firmware.production.o
                cinit                                 B        B        F        8       0
                intentry                              4        4        6        8       0
                config                             2007     2007        1        0       4
                text14                              1E8      1E8       3E        8       0
                text13                               D7       D7       69        8       0
                text12                              140      140       62        8       0
                text11                              1A2      1A2       46        8       0
                text10                              32F      32F       25        8       0
                text9                               226      226       38        8       0
                text8                               38D      38D       17        8       0
                text7                               309      309       26        8       0
                text6                               2E3      2E3       26        8       0
                text5                               372      372       1B        8       0
                text4                               28E      28E       2F        8       0
                text3                               2BD      2BD       26        8       0
                text2                               25E      25E       30        8       0
                text1                               354      354       1E        8       0
                maintext                             1A       1A       BD        8       0
                cstackBANK0                          20       20       1A       20       1
                cstackCOMMON                         70       70        B       70       1
                bssBANK0                             3A       3A        A       20       1
                bitbssCOMMON                        3D8       7B        1       70       1     8

TOTAL           Name                               Link     Load   Length     Space
        CLASS   STACK          

        CLASS   CODE           
                end_init                              A        A        1         0
                cinit                                 B        B        F         0
                intentry                              4        4        6         0
                reset_vec                             0        0        1         0
                text14                              1E8      1E8       3E         0
                text13                               D7       D7       69         0
                text12                              140      140       62         0
                text11                              1A2      1A2       46         0
                text10                              32F      32F       25         0
                text9                               226      226       38         0
                text8                               38D      38D       17         0
                text7                               309      309       26         0
                text6                               2E3      2E3       26         0
                text5                               372      372       1B         0
                text4                               28E      28E       2F         0
                text3                               2BD      2BD       26         0
                text2                               25E      25E       30         0
                text1                               354      354       1E         0
                maintext                             1A       1A       BD         0

        CLASS   STRCODE        

        CLASS   STRING         

        CLASS   CONST          

        CLASS   ENTRY          

        CLASS   COMMON         
                cstackCOMMON                         70       70        B         1
                bitbssCOMMON                        3D8       7B        1         1

        CLASS   BANK0          
                cstackBANK0                          20       20       1A         1
                bssBANK0                             3A       3A        A         1

        CLASS   BANK1          

        CLASS   RAM            

        CLASS   ABS1           
                abs_s1                               7E       7E        2         1

        CLASS   SFR0           

        CLASS   SFR1           

        CLASS   SFR2           

        CLASS   SFR3           

        CLASS   CONFIG         
                config                             2007     2007        1         4

        CLASS   IDLOC          

        CLASS   EEDATA         

        CLASS   BANK3          

        CLASS   BANK2          



SEGMENTS        Name                           Load    Length   Top    Selector   Space  Class     Delta

                reset_vec                      000000  000001  000001         0       0  CODE        2
                intentry                       000004  0003A0  0003A4         8       0  CODE        2
                cstackBANK0                    000020  000024  000044        20       1  BANK0       1
                cstackCOMMON                   000070  00000C  00007C        70       1  COMMON      1


UNUSED ADDRESS RANGES

        Name                Unused          Largest block    Delta
        BANK0            0044-006F             2C           1
        BANK1            00A0-00BF             20           1
        CODE             0001-0003              3           2
                         03A4-07FF            45C
        COMMON           007C-007D              2           1
        CONST            0001-0003              3           2
                         03A4-07FF            100
        EEDATA           2100-21FF            100           2
        ENTRY            0001-0003              3           2
                         03A4-07FF            100
        IDLOC            2000-2003              4           2
        RAM              0044-006F             2C           1
                         00A0-00BF             20
        SFR0             0000-001F             20           1
        SFR1             0080-009F             20           1
        SFR2             0100-016F             70           1
        SFR3             0180-01EF             70           1
        STACK            0044-006F             2C           1
        STRCODE          0001-0003              3           2
                         03A4-07FF            45C
        STRING           0001-0003              3           2
                         03A4-07FF            100

                                  Symbol Table

?___awdiv                 cstackBANK0  0020
?___lwdiv                 cstackBANK0  0028
?___wmul                  cstackCOMMON 0072
_ADCS0                    (abs)        04FC
_ADCS1                    (abs)        04FD
_ADCS2                    (abs)        04FE
_ADC_REF                  bssBANK0     0040
_ADC_TEMP                 bssBANK0     0042
_ADFM                     (abs)        00FF
_ADIE                     (abs)        0466
_ADON                     (abs)        00F8
_ADRESH                   (abs)        001E
_ADRESL                   (abs)        009E
_ANSEL                    (abs)        011E
_ANSELH                   (abs)        011F
_C1ON                     (abs)        08CF
_C2ON                     (abs)        08D7
_CHS0                     (abs)        00FA
_CHS1                     (abs)        00FB
_CHS2                     (abs)        00FC
_CHS3                     (abs)        00FD
_EEADR                    (abs)        010D
_EECON1                   (abs)        018C
_EECON2                   (abs)        018D
_EEDAT                    (abs)        010C
_GIE                      (abs)        005F
_GO                       (abs)        00F9
_HTS                      (abs)        047A
_INTE                     (abs)        005C
_IRCF0                    (abs)        047C
_IRCF1                    (abs)        047D
_IRCF2                    (abs)        047E
_LTS                      (abs)        0479
_OPTION_REG               (abs)        0081
_OSTS                     (abs)        047B
_PEIE                     (abs)        005E
_PS0                      (abs)        0408
_PS1                      (abs)        0409
_PS2                      (abs)        040A
_PWM_ENABLED              bitbssCOMMON 03D8
_PWM_OFF                  bssBANK0     003A
_PWM_ON                   bssBANK0     003C
_PWM_TICKS                bssBANK0     003E
_RABIE                    (abs)        005B
_RB4                      (abs)        0034
_RB5                      (abs)        0035
_RC0                      (abs)        0038
_RD                       (abs)        0C60
_SCS                      (abs)        0478
_T0CS                     (abs)        040D
_T0IE                     (abs)        005D
_T0IF                     (abs)        005A
_TRISA5                   (abs)        042D
_TRISB4                   (abs)        0434
_TRISC0                   (abs)        0438
_VCFG                     (abs)        00FE
_WR                       (abs)        0C61
_WREN                     (abs)        0C62
_WRERR                    (abs)        0C63
__Habs1                   abs1         0000
__Hbank0                  bank0        0000
__Hbank1                  bank1        0000
__Hbank2                  bank2        0000
__Hbank3                  bank3        0000
__HbitbssCOMMON           bitbssCOMMON 0000
__HbssBANK0               bssBANK0     0000
__Hcinit                  cinit        001A
__Hclrtext                clrtext      0000
__Hcode                   code         0000
__Hcommon                 common       0000
__Hconfig                 config       2008
__HcstackBANK0            cstackBANK0  0000
__HcstackCOMMON           cstackCOMMON 0000
__Heeprom_data            eeprom_data  0000
__Hend_init               end_init     000B
__Hfunctab                functab      0000
__Hinit                   init         000A
__Hintentry               intentry     000A
__Hmaintext               maintext     0000
__Hpowerup                powerup      0000
__Hram                    ram          0000
__Hreset_vec              reset_vec    0001
__Hsfr0                   sfr0         0000
__Hsfr1                   sfr1         0000
__Hsfr2                   sfr2         0000
__Hsfr3                   sfr3         0000
__Hspace_0                (abs)        03A4
__Hspace_1                (abs)        03D9
__Hspace_2                (abs)        0000
__Hspace_3                (abs)        0000
__Hspace_4                (abs)        400F
__Hstack                  stack        0000
__Hstrings                strings      0000
__Htext                   text         0000
__Labs1                   abs1         0000
__Lbank0                  bank0        0000
__Lbank1                  bank1        0000
__Lbank2                  bank2        0000
__Lbank3                  bank3        0000
__LbitbssCOMMON           bitbssCOMMON 0000
__LbssBANK0               bssBANK0     0000
__Lcinit                  cinit        000B
__Lclrtext                clrtext      0000
__Lcode                   code         0000
__Lcommon                 common       0000
__Lconfig                 config       0000
__LcstackBANK0            cstackBANK0  0000
__LcstackCOMMON           cstackCOMMON 0000
__Leeprom_data            eeprom_data  0000
__Lend_init               end_init     000A
__Lfunctab                functab      0000
__Linit                   init         000A
__Lintentry               intentry     0004
__Lmaintext               maintext     0000
__Lpowerup                powerup      0000
__Lram                    ram          0000
__Lreset_vec              reset_vec    0000
__Lsfr0                   sfr0         0000
__Lsfr1                   sfr1         0000
__Lsfr2                   sfr2         0000
__Lsfr3                   sfr3         0000
__Lspace_0                (abs)        0000
__Lspace_1                (abs)        0000
__Lspace_2                (abs)        0000
__Lspace_3                (abs)        0000
__Lspace_4                (abs)        0000
__Lstack                  stack        0000
__Lstrings                strings      0000
__Ltext                   text         0000
__S0                      (abs)        03A4
__S1                      (abs)        007C
__S2                      (abs)        0000
__S3                      (abs)        0000
___awdiv                  text13       00D7
___awdiv@counter          cstackBANK0  0024
___awdiv@dividend         cstackBANK0  0022
___awdiv@divisor          cstackBANK0  0020
___awdiv@quotient         cstackBANK0  0026
___awdiv@sign             cstackBANK0  0025
___int_sp                 stack        0000
___latbits                (abs)        0000
___lwdiv                  text11       01A2
___lwdiv@counter          cstackBANK0  002C
___lwdiv@dividend         cstackBANK0  002A
___lwdiv@divisor          cstackBANK0  0028
___lwdiv@quotient         cstackBANK0  002D
___sp                     stack        0000
___stackhi                (abs)        0000
___stacklo                (abs)        0000
___wmul                   text10       032F
___wmul@multiplicand      cstackCOMMON 0074
___wmul@multiplier        cstackCOMMON 0072
___wmul@product           cstackCOMMON 0076
__end_of___awdiv          text13       0140
__end_of___lwdiv          text11       01E8
__end_of___wmul           text10       0354
__end_of__initialization  cinit        0018
__end_of_blink            text12       01A2
__end_of_calc_cycle       text9        025E
__end_of_is_shutdown      text8        03A4
__end_of_main             maintext     00D7
__end_of_probe_bat        text7        032F
__end_of_probe_temp       text6        0309
__end_of_pwm_routine      text14       0226
__end_of_read_data        text5        038D
__end_of_set_pwm_cycle    text4        02BD
__end_of_set_pwm_enabled  text3        02E3
__end_of_setup            text2        028E
__end_of_write_data       text1        0372
__initialization          cinit        000B
__pbitbssCOMMON           bitbssCOMMON 03D8
__pbssBANK0               bssBANK0     003A
__pcstackBANK0            cstackBANK0  0020
__pcstackCOMMON           cstackCOMMON 0070
__pintentry               intentry     0004
__pmaintext               maintext     001A
__ptext1                  text1        0354
__ptext10                 text10       032F
__ptext11                 text11       01A2
__ptext12                 text12       0140
__ptext13                 text13       00D7
__ptext14                 text14       01E8
__ptext2                  text2        025E
__ptext3                  text3        02BD
__ptext4                  text4        028E
__ptext5                  text5        0372
__ptext6                  text6        02E3
__ptext7                  text7        0309
__ptext8                  text8        038D
__ptext9                  text9        0226
__size_of___awdiv         (abs)        0000
__size_of___lwdiv         (abs)        0000
__size_of___wmul          (abs)        0000
__size_of_blink           (abs)        0000
__size_of_calc_cycle      (abs)        0000
__size_of_is_shutdown     (abs)        0000
__size_of_main            (abs)        0000
__size_of_probe_bat       (abs)        0000
__size_of_probe_temp      (abs)        0000
__size_of_pwm_routine     (abs)        0000
__size_of_read_data       (abs)        0000
__size_of_set_pwm_cycle   (abs)        0000
__size_of_set_pwm_enabled (abs)        0000
__size_of_setup           (abs)        0000
__size_of_write_data      (abs)        0000
_blink                    text12       0140
_calc_cycle               text9        0226
_calc_cycle$731           cstackBANK0  0032
_is_shutdown              text8        038D
_main                     maintext     001A
_probe_bat                text7        0309
_probe_temp               text6        02E3
_pwm_routine              text14       01E8
_read_data                text5        0372
_set_pwm_cycle            text4        028E
_set_pwm_enabled          text3        02BD
_setup                    text2        025E
_write_data               text1        0354
blink@delay               cstackBANK0  002C
blink@i                   cstackBANK0  002D
blink@n                   cstackBANK0  002B
btemp                     (abs)        007E
calc_cycle@charge         cstackBANK0  0031
end_of_initialization     cinit        0018
interrupt_function        intentry     0004
intlevel0                 functab      0000
intlevel1                 functab      0000
intlevel2                 functab      0000
intlevel3                 functab      0000
intlevel4                 functab      0000
intlevel5                 functab      0000
main@cycle                cstackBANK0  0039
read_data@address         cstackCOMMON 0073
reset_vec                 reset_vec    0000
saved_w                   (abs)        007E
set_pwm_cycle@cycle       cstackBANK0  0028
set_pwm_enabled@enabled   cstackBANK0  0029
start                     init         000A
start_initialization      cinit        000B
write_data@address        cstackCOMMON 0074
write_data@value          cstackCOMMON 0072
wtemp0                    (abs)        007E


FUNCTION INFORMATION:

 *************** function _main *****************
 Defined at:
		line 584 in file "main.c"
 Parameters:    Size  Location     Type
		None
 Auto vars:     Size  Location     Type
  cycle           1   25[BANK0 ] unsigned char 
 Return value:  Size  Location     Type
                  1    wreg      void 
 Registers used:
		wreg, status,2, status,0, btemp+1, pclath, cstack
 Tracked objects:
		On entry : 
		On exit  : 
		Unchanged: 
 Data sizes:     COMMON   BANK0   BANK1
      Params:         0       0       0
      Locals:         0       1       0
      Temps:          0       3       0
      Totals:         0       4       0
Total ram usage:        4 bytes
 Hardware stack levels required when called:    4
 This function calls:
		_blink
		_calc_cycle
		_is_shutdown
		_probe_bat
		_probe_temp
		_read_data
		_set_pwm_cycle
		_set_pwm_enabled
		_setup
		_write_data
 This function is called by:
		Startup code after reset
 This function uses a non-reentrant model


 *************** function _write_data *****************
 Defined at:
		line 523 in file "main.c"
 Parameters:    Size  Location     Type
  address         1    wreg     unsigned char 
  value           1    2[COMMON] unsigned char 
 Auto vars:     Size  Location     Type
  address         1    4[COMMON] unsigned char 
 Return value:  Size  Location     Type
                  1    wreg      unsigned char 
 Registers used:
		wreg
 Tracked objects:
		On entry : 
		On exit  : 
		Unchanged: 
 Data sizes:     COMMON   BANK0   BANK1
      Params:         1       0       0
      Locals:         1       0       0
      Temps:          1       0       0
      Totals:         3       0       0
Total ram usage:        3 bytes
 Hardware stack levels used:    1
 Hardware stack levels required when called:    1
 This function calls:
		Nothing
 This function is called by:
		_main
 This function uses a non-reentrant model


 *************** function _setup *****************
 Defined at:
		line 243 in file "main.c"
 Parameters:    Size  Location     Type
		None
 Auto vars:     Size  Location     Type
		None
 Return value:  Size  Location     Type
                  1    wreg      void 
 Registers used:
		wreg, status,2
 Tracked objects:
		On entry : 
		On exit  : 
		Unchanged: 
 Data sizes:     COMMON   BANK0   BANK1
      Params:         0       0       0
      Locals:         0       0       0
      Temps:          0       0       0
      Totals:         0       0       0
Total ram usage:        0 bytes
 Hardware stack levels used:    1
 Hardware stack levels required when called:    1
 This function calls:
		Nothing
 This function is called by:
		_main
 This function uses a non-reentrant model


 *************** function _set_pwm_enabled *****************
 Defined at:
		line 330 in file "main.c"
 Parameters:    Size  Location     Type
  enabled         1    wreg     unsigned char 
 Auto vars:     Size  Location     Type
  enabled         1    9[BANK0 ] unsigned char 
 Return value:  Size  Location     Type
                  1    wreg      void 
 Registers used:
		wreg, status,2, status,0, pclath, cstack
 Tracked objects:
		On entry : 
		On exit  : 
		Unchanged: 
 Data sizes:     COMMON   BANK0   BANK1
      Params:         0       0       0
      Locals:         0       1       0
      Temps:          0       0       0
      Totals:         0       1       0
Total ram usage:        1 bytes
 Hardware stack levels used:    1
 Hardware stack levels required when called:    3
 This function calls:
		_set_pwm_cycle
 This function is called by:
		_main
 This function uses a non-reentrant model


 *************** function _set_pwm_cycle *****************
 Defined at:
		line 307 in file "main.c"
 Parameters:    Size  Location     Type
  cycle           1    wreg     unsigned char 
 Auto vars:     Size  Location     Type
  cycle           1    8[BANK0 ] unsigned char 
 Return value:  Size  Location     Type
                  1    wreg      void 
 Registers used:
		wreg, status,2, status,0, pclath, cstack
 Tracked objects:
		On entry : 
		On exit  : 
		Unchanged: 
 Data sizes:     COMMON   BANK0   BANK1
      Params:         0       0       0
      Locals:         0       1       0
      Temps:          2       0       0
      Totals:         2       1       0
Total ram usage:        3 bytes
 Hardware stack levels used:    1
 Hardware stack levels required when called:    2
 This function calls:
		___awdiv
		___wmul
 This function is called by:
		_set_pwm_enabled
		_main
 This function uses a non-reentrant model


 *************** function _read_data *****************
 Defined at:
		line 490 in file "main.c"
 Parameters:    Size  Location     Type
  address         1    wreg     unsigned char 
 Auto vars:     Size  Location     Type
  address         1    3[COMMON] unsigned char 
 Return value:  Size  Location     Type
                  1    wreg      unsigned char 
 Registers used:
		wreg
 Tracked objects:
		On entry : 
		On exit  : 
		Unchanged: 
 Data sizes:     COMMON   BANK0   BANK1
      Params:         0       0       0
      Locals:         1       0       0
      Temps:          1       0       0
      Totals:         2       0       0
Total ram usage:        2 bytes
 Hardware stack levels used:    1
 Hardware stack levels required when called:    1
 This function calls:
		Nothing
 This function is called by:
		_main
 This function uses a non-reentrant model


 *************** function _probe_temp *****************
 Defined at:
		line 423 in file "main.c"
 Parameters:    Size  Location     Type
		None
 Auto vars:     Size  Location     Type
		None
 Return value:  Size  Location     Type
                  1    wreg      void 
 Registers used:
		wreg
 Tracked objects:
		On entry : 
		On exit  : 
		Unchanged: 
 Data sizes:     COMMON   BANK0   BANK1
      Params:         0       0       0
      Locals:         0       0       0
      Temps:          2       0       0
      Totals:         2       0       0
Total ram usage:        2 bytes
 Hardware stack levels used:    1
 Hardware stack levels required when called:    1
 This function calls:
		Nothing
 This function is called by:
		_main
 This function uses a non-reentrant model


 *************** function _probe_bat *****************
 Defined at:
		line 455 in file "main.c"
 Parameters:    Size  Location     Type
		None
 Auto vars:     Size  Location     Type
		None
 Return value:  Size  Location     Type
                  1    wreg      void 
 Registers used:
		wreg
 Tracked objects:
		On entry : 
		On exit  : 
		Unchanged: 
 Data sizes:     COMMON   BANK0   BANK1
      Params:         0       0       0
      Locals:         0       0       0
      Temps:          2       0       0
      Totals:         2       0       0
Total ram usage:        2 bytes
 Hardware stack levels used:    1
 Hardware stack levels required when called:    1
 This function calls:
		Nothing
 This function is called by:
		_main
 This function uses a non-reentrant model


 *************** function _is_shutdown *****************
 Defined at:
		line 557 in file "main.c"
 Parameters:    Size  Location     Type
		None
 Auto vars:     Size  Location     Type
		None
 Return value:  Size  Location     Type
		None               void
 Registers used:
		wreg, status,2, status,0
 Tracked objects:
		On entry : 
		On exit  : 
		Unchanged: 
 Data sizes:     COMMON   BANK0   BANK1
      Params:         0       0       0
      Locals:         0       0       0
      Temps:          1       0       0
      Totals:         1       0       0
Total ram usage:        1 bytes
 Hardware stack levels used:    1
 Hardware stack levels required when called:    1
 This function calls:
		Nothing
 This function is called by:
		_main
 This function uses a non-reentrant model


 *************** function _calc_cycle *****************
 Defined at:
		line 356 in file "main.c"
 Parameters:    Size  Location     Type
  charge          1    wreg     unsigned char 
 Auto vars:     Size  Location     Type
  charge          1   17[BANK0 ] unsigned char 
  current         2    0        unsigned int 
 Return value:  Size  Location     Type
                  1    wreg      unsigned char 
 Registers used:
		wreg, status,2, status,0, pclath, cstack
 Tracked objects:
		On entry : 
		On exit  : 
		Unchanged: 
 Data sizes:     COMMON   BANK0   BANK1
      Params:         0       0       0
      Locals:         0       5       0
      Temps:          0       2       0
      Totals:         0       7       0
Total ram usage:        7 bytes
 Hardware stack levels used:    1
 Hardware stack levels required when called:    2
 This function calls:
		___awdiv
		___lwdiv
		___wmul
 This function is called by:
		_main
 This function uses a non-reentrant model


 *************** function ___wmul *****************
 Defined at:
		line 15 in file "C:\Program Files\Microchip\xc8\v2.31\pic\sources\c90\common\Umul16.c"
 Parameters:    Size  Location     Type
  multiplier      2    2[COMMON] unsigned int 
  multiplicand    2    4[COMMON] unsigned int 
 Auto vars:     Size  Location     Type
  product         2    6[COMMON] unsigned int 
 Return value:  Size  Location     Type
                  2    2[COMMON] unsigned int 
 Registers used:
		wreg, status,2, status,0
 Tracked objects:
		On entry : 
		On exit  : 
		Unchanged: 
 Data sizes:     COMMON   BANK0   BANK1
      Params:         4       0       0
      Locals:         2       0       0
      Temps:          0       0       0
      Totals:         6       0       0
Total ram usage:        6 bytes
 Hardware stack levels used:    1
 Hardware stack levels required when called:    1
 This function calls:
		Nothing
 This function is called by:
		_set_pwm_cycle
		_calc_cycle
 This function uses a non-reentrant model


 *************** function ___lwdiv *****************
 Defined at:
		line 5 in file "C:\Program Files\Microchip\xc8\v2.31\pic\sources\c90\common\lwdiv.c"
 Parameters:    Size  Location     Type
  divisor         2    8[BANK0 ] unsigned int 
  dividend        2   10[BANK0 ] unsigned int 
 Auto vars:     Size  Location     Type
  quotient        2   13[BANK0 ] unsigned int 
  counter         1   12[BANK0 ] unsigned char 
 Return value:  Size  Location     Type
                  2    8[BANK0 ] unsigned int 
 Registers used:
		wreg, status,2, status,0
 Tracked objects:
		On entry : 
		On exit  : 
		Unchanged: 
 Data sizes:     COMMON   BANK0   BANK1
      Params:         0       4       0
      Locals:         0       3       0
      Temps:          1       0       0
      Totals:         1       7       0
Total ram usage:        8 bytes
 Hardware stack levels used:    1
 Hardware stack levels required when called:    1
 This function calls:
		Nothing
 This function is called by:
		_calc_cycle
 This function uses a non-reentrant model


 *************** function _blink *****************
 Defined at:
		line 383 in file "main.c"
 Parameters:    Size  Location     Type
  n               1    wreg     unsigned char 
 Auto vars:     Size  Location     Type
  n               1   11[BANK0 ] unsigned char 
  i               2   13[BANK0 ] unsigned int 
  delay           1   12[BANK0 ] unsigned char 
 Return value:  Size  Location     Type
                  1    wreg      void 
 Registers used:
		wreg, status,2, status,0, pclath, cstack
 Tracked objects:
		On entry : 
		On exit  : 
		Unchanged: 
 Data sizes:     COMMON   BANK0   BANK1
      Params:         0       0       0
      Locals:         0       4       0
      Temps:          0       3       0
      Totals:         0       7       0
Total ram usage:        7 bytes
 Hardware stack levels used:    1
 Hardware stack levels required when called:    2
 This function calls:
		___awdiv
 This function is called by:
		_main
 This function uses a non-reentrant model


 *************** function ___awdiv *****************
 Defined at:
		line 5 in file "C:\Program Files\Microchip\xc8\v2.31\pic\sources\c90\common\awdiv.c"
 Parameters:    Size  Location     Type
  divisor         2    0[BANK0 ] int 
  dividend        2    2[BANK0 ] int 
 Auto vars:     Size  Location     Type
  quotient        2    6[BANK0 ] int 
  sign            1    5[BANK0 ] unsigned char 
  counter         1    4[BANK0 ] unsigned char 
 Return value:  Size  Location     Type
                  2    0[BANK0 ] int 
 Registers used:
		wreg, status,2, status,0
 Tracked objects:
		On entry : 
		On exit  : 
		Unchanged: 
 Data sizes:     COMMON   BANK0   BANK1
      Params:         0       4       0
      Locals:         0       4       0
      Temps:          1       0       0
      Totals:         1       8       0
Total ram usage:        9 bytes
 Hardware stack levels used:    1
 Hardware stack levels required when called:    1
 This function calls:
		Nothing
 This function is called by:
		_set_pwm_cycle
		_calc_cycle
		_blink
 This function uses a non-reentrant model


 *************** function _pwm_routine *****************
 Defined at:
		line 202 in file "main.c"
 Parameters:    Size  Location     Type
		None
 Auto vars:     Size  Location     Type
		None
 Return value:  Size  Location     Type
                  1    wreg      void 
 Registers used:
		wreg, status,2
 Tracked objects:
		On entry : 
		On exit  : 
		Unchanged: 
 Data sizes:     COMMON   BANK0   BANK1
      Params:         0       0       0
      Locals:         0       0       0
      Temps:          2       0       0
      Totals:         2       0       0
Total ram usage:        2 bytes
 Hardware stack levels used:    1
 This function calls:
		Nothing
 This function is called by:
		Interrupt level 1
 This function uses a non-reentrant model



MODULE INFORMATION

Module		Function		Class		Link	Load	Size
C:\Program Files\Microchip\xc8\v2.31\pic\sources\c90\common\Umul16.c
		___wmul        		CODE           	032F	0000	37

C:\Program Files\Microchip\xc8\v2.31\pic\sources\c90\common\Umul16.c estimated size: 37

C:\Program Files\Microchip\xc8\v2.31\pic\sources\c90\common\lwdiv.c
		___lwdiv       		CODE           	01A2	0000	70

C:\Program Files\Microchip\xc8\v2.31\pic\sources\c90\common\lwdiv.c estimated size: 70

C:\Program Files\Microchip\xc8\v2.31\pic\sources\c90\common\awdiv.c
		___awdiv       		CODE           	00D7	0000	105

C:\Program Files\Microchip\xc8\v2.31\pic\sources\c90\common\awdiv.c estimated size: 105

shared
		__initialization		CODE           	000B	0000	13

shared estimated size: 13

main.c
		_pwm_routine   		CODE           	01E8	0000	62
		_calc_cycle    		CODE           	0226	0000	56
		_write_data    		CODE           	0354	0000	30
		_main          		CODE           	001A	0000	189
		_set_pwm_enabled		CODE           	02BD	0000	38
		_probe_bat     		CODE           	0309	0000	38
		_is_shutdown   		CODE           	038D	0000	23
		_read_data     		CODE           	0372	0000	27
		_setup         		CODE           	025E	0000	48
		_probe_temp    		CODE           	02E3	0000	38
		_blink         		CODE           	0140	0000	98
		_set_pwm_cycle 		CODE           	028E	0000	47

main.c estimated size: 694

